
.vscode/avr.build/output.elf:     file format elf32-avr


Disassembly of section .text:

00000000 <__vectors>:
__vectors():
   0:	0a c0       	rjmp	.+20     	; 0x16 <__ctors_end>
   2:	11 c0       	rjmp	.+34     	; 0x26 <__bad_interrupt>
   4:	10 c0       	rjmp	.+32     	; 0x26 <__bad_interrupt>
   6:	0f c0       	rjmp	.+30     	; 0x26 <__bad_interrupt>
   8:	0e c0       	rjmp	.+28     	; 0x26 <__bad_interrupt>
   a:	0e c0       	rjmp	.+28     	; 0x28 <__vector_5>
   c:	0c c0       	rjmp	.+24     	; 0x26 <__bad_interrupt>
   e:	0b c0       	rjmp	.+22     	; 0x26 <__bad_interrupt>
  10:	0a c0       	rjmp	.+20     	; 0x26 <__bad_interrupt>
  12:	09 c0       	rjmp	.+18     	; 0x26 <__bad_interrupt>
  14:	08 c0       	rjmp	.+16     	; 0x26 <__bad_interrupt>

00000016 <__ctors_end>:
__trampolines_start():
  16:	11 27       	eor	r17, r17
  18:	1f bf       	out	0x3f, r17	; 63
  1a:	cf e5       	ldi	r28, 0x5F	; 95
  1c:	d0 e0       	ldi	r29, 0x00	; 0
  1e:	de bf       	out	0x3e, r29	; 62
  20:	cd bf       	out	0x3d, r28	; 61
  22:	13 d0       	rcall	.+38     	; 0x4a <main>
  24:	22 c0       	rjmp	.+68     	; 0x6a <_exit>

00000026 <__bad_interrupt>:
__vector_1():
  26:	ec cf       	rjmp	.-40     	; 0x0 <__vectors>

00000028 <__vector_5>:
__vector_5():
  28:	4f 93       	push	r20
  2a:	4f b7       	in	r20, 0x3f	; 63
  2c:	4f 93       	push	r20
  2e:	5f 93       	push	r21
  30:	42 b1       	in	r20, 0x02	; 2
  32:	51 e0       	ldi	r21, 0x01	; 1
  34:	45 27       	eor	r20, r21
  36:	42 b9       	out	0x02, r20	; 2
  38:	42 b1       	in	r20, 0x02	; 2
  3a:	52 e0       	ldi	r21, 0x02	; 2
  3c:	45 27       	eor	r20, r21
  3e:	42 b9       	out	0x02, r20	; 2
  40:	5f 91       	pop	r21
  42:	4f 91       	pop	r20
  44:	4f bf       	out	0x3f, r20	; 63
  46:	4f 91       	pop	r20
  48:	18 95       	reti

0000004a <main>:
main():
  4a:	08 9a       	sbi	0x01, 0	; 1
  4c:	09 9a       	sbi	0x01, 1	; 1
  4e:	1e bd       	out	0x2e, r17	; 46
  50:	4d e0       	ldi	r20, 0x0D	; 13
  52:	4d bd       	out	0x2d, r20	; 45
  54:	44 ee       	ldi	r20, 0xE4	; 228
  56:	47 bd       	out	0x27, r20	; 39
  58:	42 ee       	ldi	r20, 0xE2	; 226
  5a:	46 bd       	out	0x26, r20	; 38
  5c:	19 bd       	out	0x29, r17	; 41
  5e:	18 bd       	out	0x28, r17	; 40
  60:	4b b5       	in	r20, 0x2b	; 43
  62:	42 60       	ori	r20, 0x02	; 2
  64:	4b bd       	out	0x2b, r20	; 43
  66:	78 94       	sei
  68:	ff cf       	rjmp	.-2      	; 0x68 <__stack+0x9>

0000006a <_exit>:
exit():
  6a:	f8 94       	cli

0000006c <__stop_program>:
__stop_program():
  6c:	ff cf       	rjmp	.-2      	; 0x6c <__stop_program>
