
.vscode/avr.build/output.elf:     file format elf32-avr


Disassembly of section .text:

00000000 <__vectors>:
__vectors():
   0:	0a c0       	rjmp	.+20     	; 0x16 <__ctors_end>
   2:	19 c0       	rjmp	.+50     	; 0x36 <__bad_interrupt>
   4:	18 c0       	rjmp	.+48     	; 0x36 <__bad_interrupt>
   6:	17 c0       	rjmp	.+46     	; 0x36 <__bad_interrupt>
   8:	16 c0       	rjmp	.+44     	; 0x36 <__bad_interrupt>
   a:	16 c0       	rjmp	.+44     	; 0x38 <__vector_5>
   c:	14 c0       	rjmp	.+40     	; 0x36 <__bad_interrupt>
   e:	13 c0       	rjmp	.+38     	; 0x36 <__bad_interrupt>
  10:	12 c0       	rjmp	.+36     	; 0x36 <__bad_interrupt>
  12:	11 c0       	rjmp	.+34     	; 0x36 <__bad_interrupt>
  14:	10 c0       	rjmp	.+32     	; 0x36 <__bad_interrupt>

00000016 <__ctors_end>:
__trampolines_start():
  16:	11 27       	eor	r17, r17
  18:	1f bf       	out	0x3f, r17	; 63
  1a:	cf e5       	ldi	r28, 0x5F	; 95
  1c:	d0 e0       	ldi	r29, 0x00	; 0
  1e:	de bf       	out	0x3e, r29	; 62
  20:	cd bf       	out	0x3d, r28	; 61

00000022 <__do_clear_bss>:
__do_clear_bss():
  22:	20 e0       	ldi	r18, 0x00	; 0
  24:	a0 e4       	ldi	r26, 0x40	; 64
  26:	b0 e0       	ldi	r27, 0x00	; 0
  28:	01 c0       	rjmp	.+2      	; 0x2c <.do_clear_bss_start>

0000002a <.do_clear_bss_loop>:
  2a:	1d 93       	st	X+, r17

0000002c <.do_clear_bss_start>:
  2c:	a1 34       	cpi	r26, 0x41	; 65
  2e:	b2 07       	cpc	r27, r18
  30:	e1 f7       	brne	.-8      	; 0x2a <.do_clear_bss_loop>
.do_clear_bss_start():
  32:	0c d0       	rcall	.+24     	; 0x4c <main>
  34:	58 c0       	rjmp	.+176    	; 0xe6 <_exit>

00000036 <__bad_interrupt>:
__vector_1():
  36:	e4 cf       	rjmp	.-56     	; 0x0 <__vectors>

00000038 <__vector_5>:
__vector_5():
  38:	4f 93       	push	r20
  3a:	4f b7       	in	r20, 0x3f	; 63
  3c:	4f 93       	push	r20
  3e:	40 a1       	lds	r20, 0x40	; 0x800040 <count>
  40:	4f 5f       	subi	r20, 0xFF	; 255
  42:	40 a9       	sts	0x40, r20	; 0x800040 <count>
  44:	4f 91       	pop	r20
  46:	4f bf       	out	0x3f, r20	; 63
  48:	4f 91       	pop	r20
  4a:	18 95       	reti

0000004c <main>:
main():
  4c:	41 b1       	in	r20, 0x01	; 1
  4e:	43 60       	ori	r20, 0x03	; 3
  50:	41 b9       	out	0x01, r20	; 1
  52:	41 b1       	in	r20, 0x01	; 1
  54:	43 7f       	andi	r20, 0xF3	; 243
  56:	41 b9       	out	0x01, r20	; 1
  58:	43 b1       	in	r20, 0x03	; 3
  5a:	4c 60       	ori	r20, 0x0C	; 12
  5c:	43 b9       	out	0x03, r20	; 3
  5e:	e0 b1       	in	r30, 0x00	; 0
  60:	f0 e0       	ldi	r31, 0x00	; 0
  62:	f5 95       	asr	r31
  64:	e7 95       	ror	r30
  66:	f5 95       	asr	r31
  68:	e7 95       	ror	r30
  6a:	e3 70       	andi	r30, 0x03	; 3
  6c:	ff 27       	eor	r31, r31
  6e:	e6 51       	subi	r30, 0x16	; 22
  70:	ff 4b       	sbci	r31, 0xBF	; 191
  72:	50 81       	ld	r21, Z
  74:	4f e3       	ldi	r20, 0x3F	; 63
  76:	62 e4       	ldi	r22, 0x42	; 66
  78:	7f e0       	ldi	r23, 0x0F	; 15
  7a:	41 50       	subi	r20, 0x01	; 1
  7c:	60 40       	sbci	r22, 0x00	; 0
  7e:	70 40       	sbci	r23, 0x00	; 0
  80:	e1 f7       	brne	.-8      	; 0x7a <__stack+0x1b>
  82:	00 c0       	rjmp	.+0      	; 0x84 <__stack+0x25>
  84:	00 00       	nop
  86:	1e bd       	out	0x2e, r17	; 46
  88:	4d e0       	ldi	r20, 0x0D	; 13
  8a:	4d bd       	out	0x2d, r20	; 45
  8c:	44 ee       	ldi	r20, 0xE4	; 228
  8e:	47 bd       	out	0x27, r20	; 39
  90:	42 ee       	ldi	r20, 0xE2	; 226
  92:	46 bd       	out	0x26, r20	; 38
  94:	19 bd       	out	0x29, r17	; 41
  96:	18 bd       	out	0x28, r17	; 40
  98:	4b b5       	in	r20, 0x2b	; 43
  9a:	42 60       	ori	r20, 0x02	; 2
  9c:	4b bd       	out	0x2b, r20	; 43
  9e:	78 94       	sei
  a0:	42 b1       	in	r20, 0x02	; 2
  a2:	43 60       	ori	r20, 0x03	; 3
  a4:	42 b9       	out	0x02, r20	; 2
  a6:	4a b7       	in	r20, 0x3a	; 58
  a8:	41 7f       	andi	r20, 0xF1	; 241
  aa:	4a bf       	out	0x3a, r20	; 58
  ac:	40 a1       	lds	r20, 0x40	; 0x800040 <count>
  ae:	45 17       	cp	r20, r21
  b0:	98 f0       	brcs	.+38     	; 0xd8 <__stack+0x79>
  b2:	42 b1       	in	r20, 0x02	; 2
  b4:	4c 7f       	andi	r20, 0xFC	; 252
  b6:	42 b9       	out	0x02, r20	; 2
  b8:	1e bd       	out	0x2e, r17	; 46
  ba:	4d b5       	in	r20, 0x2d	; 45
  bc:	48 7f       	andi	r20, 0xF8	; 248
  be:	4d bd       	out	0x2d, r20	; 45
  c0:	4b b5       	in	r20, 0x2b	; 43
  c2:	4d 7f       	andi	r20, 0xFD	; 253
  c4:	4b bd       	out	0x2b, r20	; 43
  c6:	4a b7       	in	r20, 0x3a	; 58
  c8:	41 7f       	andi	r20, 0xF1	; 241
  ca:	44 60       	ori	r20, 0x04	; 4
  cc:	4a bf       	out	0x3a, r20	; 58
  ce:	4a b7       	in	r20, 0x3a	; 58
  d0:	41 60       	ori	r20, 0x01	; 1
  d2:	4a bf       	out	0x3a, r20	; 58
  d4:	88 95       	sleep
  d6:	f7 cf       	rjmp	.-18     	; 0xc6 <__stack+0x67>
  d8:	4a b7       	in	r20, 0x3a	; 58
  da:	41 60       	ori	r20, 0x01	; 1
  dc:	4a bf       	out	0x3a, r20	; 58
  de:	88 95       	sleep
  e0:	4a b7       	in	r20, 0x3a	; 58
  e2:	4e 7f       	andi	r20, 0xFE	; 254
  e4:	e2 cf       	rjmp	.-60     	; 0xaa <__stack+0x4b>

000000e6 <_exit>:
exit():
  e6:	f8 94       	cli

000000e8 <__stop_program>:
__stop_program():
  e8:	ff cf       	rjmp	.-2      	; 0xe8 <__stop_program>
